// Jest Snapshot v1, https://goo.gl/fbAQLP

exports[`Popup render 1`] = `
<div
  style={
    Object {
      "display": "flex",
      "flexFlow": "column",
      "justifyContent": "center",
      "minWidth": "300px",
    }
  }
>
  <header
    className="MuiPaper-root-10 MuiPaper-elevation4-16 MuiAppBar-root-1 MuiAppBar-positionStatic-5 MuiAppBar-colorPrimary-8"
  >
    <div
      className="MuiToolbar-root-37 MuiToolbar-dense-40 MuiToolbar-gutters-38"
      style={
        Object {
          "display": "flex",
          "justifyContent": "center",
        }
      }
    >
      <h5
        className="MuiTypography-root-41 MuiTypography-h5-57 MuiTypography-colorInherit-70"
        style={
          Object {
            "flex": "0 1 auto",
          }
        }
      >
        Options - 設定
      </h5>
    </div>
  </header>
  <ul
    className="MuiList-root-77 MuiList-padding-78 MuiList-subheader-80"
  >
    <div
      className="MuiListSubheader-root-81 MuiListSubheader-sticky-86 MuiListSubheader-gutters-84"
    >
      TwitterWeb公式
    </div>
    <div
      className="MuiButtonBase-root-99 MuiListItem-root-87 MuiListItem-default-90 MuiListItem-dense-91 MuiListItem-gutters-95 MuiListItem-button-96 checkboxListItem SHOW_ON_TIMELINE"
      onBlur={[Function]}
      onClick={[Function]}
      onContextMenu={[Function]}
      onFocus={[Function]}
      onKeyDown={[Function]}
      onKeyUp={[Function]}
      onMouseDown={[Function]}
      onMouseLeave={[Function]}
      onMouseUp={[Function]}
      onTouchEnd={[Function]}
      onTouchMove={[Function]}
      onTouchStart={[Function]}
      role="button"
      tabIndex="0"
    >
      <span
        className="MuiButtonBase-root-99 MuiIconButton-root-112 MuiPrivateSwitchBase-root-108 MuiCheckbox-root-102 MuiCheckbox-colorSecondary-107 MuiPrivateSwitchBase-checked-109 MuiCheckbox-checked-103"
        onBlur={[Function]}
        onContextMenu={[Function]}
        onFocus={[Function]}
        onKeyDown={[Function]}
        onKeyUp={[Function]}
        onMouseDown={[Function]}
        onMouseLeave={[Function]}
        onMouseUp={[Function]}
        onTouchEnd={[Function]}
        onTouchMove={[Function]}
        onTouchStart={[Function]}
        style={
          Object {
            "padding": "4px 12px",
          }
        }
        tabIndex={null}
      >
        <span
          className="MuiIconButton-label-117"
        >
          <svg
            aria-hidden="true"
            className="MuiSvgIcon-root-118"
            focusable="false"
            role="presentation"
            viewBox="0 0 24 24"
          >
            <path
              d="M19 3H5c-1.11 0-2 .9-2 2v14c0 1.1.89 2 2 2h14c1.11 0 2-.9 2-2V5c0-1.1-.89-2-2-2zm-9 14l-5-5 1.41-1.41L10 14.17l7.59-7.59L19 8l-9 9z"
            />
          </svg>
          <input
            checked={true}
            className="MuiPrivateSwitchBase-input-111"
            data-indeterminate={false}
            onChange={[Function]}
            tabIndex={-1}
            type="checkbox"
          />
        </span>
      </span>
      <div
        className="MuiListItemText-root-127 MuiListItemText-dense-129"
      >
        <span
          className="MuiTypography-root-41 MuiTypography-subheading-48 MuiListItemText-primary-130 MuiListItemText-textDense-132"
        >
          タイムラインにボタンを表示
        </span>
      </div>
      <span
        className="MuiTouchRipple-root-159"
      />
    </div>
    <div
      className="MuiButtonBase-root-99 MuiListItem-root-87 MuiListItem-default-90 MuiListItem-dense-91 MuiListItem-gutters-95 MuiListItem-button-96 checkboxListItem SHOW_ON_TWEET_DETAIL"
      onBlur={[Function]}
      onClick={[Function]}
      onContextMenu={[Function]}
      onFocus={[Function]}
      onKeyDown={[Function]}
      onKeyUp={[Function]}
      onMouseDown={[Function]}
      onMouseLeave={[Function]}
      onMouseUp={[Function]}
      onTouchEnd={[Function]}
      onTouchMove={[Function]}
      onTouchStart={[Function]}
      role="button"
      tabIndex="0"
    >
      <span
        className="MuiButtonBase-root-99 MuiIconButton-root-112 MuiPrivateSwitchBase-root-108 MuiCheckbox-root-102 MuiCheckbox-colorSecondary-107 MuiPrivateSwitchBase-checked-109 MuiCheckbox-checked-103"
        onBlur={[Function]}
        onContextMenu={[Function]}
        onFocus={[Function]}
        onKeyDown={[Function]}
        onKeyUp={[Function]}
        onMouseDown={[Function]}
        onMouseLeave={[Function]}
        onMouseUp={[Function]}
        onTouchEnd={[Function]}
        onTouchMove={[Function]}
        onTouchStart={[Function]}
        style={
          Object {
            "padding": "4px 12px",
          }
        }
        tabIndex={null}
      >
        <span
          className="MuiIconButton-label-117"
        >
          <svg
            aria-hidden="true"
            className="MuiSvgIcon-root-118"
            focusable="false"
            role="presentation"
            viewBox="0 0 24 24"
          >
            <path
              d="M19 3H5c-1.11 0-2 .9-2 2v14c0 1.1.89 2 2 2h14c1.11 0 2-.9 2-2V5c0-1.1-.89-2-2-2zm-9 14l-5-5 1.41-1.41L10 14.17l7.59-7.59L19 8l-9 9z"
            />
          </svg>
          <input
            checked={true}
            className="MuiPrivateSwitchBase-input-111"
            data-indeterminate={false}
            onChange={[Function]}
            tabIndex={-1}
            type="checkbox"
          />
        </span>
      </span>
      <div
        className="MuiListItemText-root-127 MuiListItemText-dense-129"
      >
        <span
          className="MuiTypography-root-41 MuiTypography-subheading-48 MuiListItemText-primary-130 MuiListItemText-textDense-132"
        >
          ツイート詳細にボタンを表示
        </span>
      </div>
      <span
        className="MuiTouchRipple-root-159"
      />
    </div>
  </ul>
  <ul
    className="MuiList-root-77 MuiList-padding-78 MuiList-subheader-80"
  >
    <div
      className="MuiListSubheader-root-81 MuiListSubheader-sticky-86 MuiListSubheader-gutters-84"
    >
      TweetDeck
    </div>
    <div
      className="MuiButtonBase-root-99 MuiListItem-root-87 MuiListItem-default-90 MuiListItem-dense-91 MuiListItem-gutters-95 MuiListItem-button-96 checkboxListItem SHOW_ON_TWEETDECK_TIMELINE"
      onBlur={[Function]}
      onClick={[Function]}
      onContextMenu={[Function]}
      onFocus={[Function]}
      onKeyDown={[Function]}
      onKeyUp={[Function]}
      onMouseDown={[Function]}
      onMouseLeave={[Function]}
      onMouseUp={[Function]}
      onTouchEnd={[Function]}
      onTouchMove={[Function]}
      onTouchStart={[Function]}
      role="button"
      tabIndex="0"
    >
      <span
        className="MuiButtonBase-root-99 MuiIconButton-root-112 MuiPrivateSwitchBase-root-108 MuiCheckbox-root-102 MuiCheckbox-colorSecondary-107 MuiPrivateSwitchBase-checked-109 MuiCheckbox-checked-103"
        onBlur={[Function]}
        onContextMenu={[Function]}
        onFocus={[Function]}
        onKeyDown={[Function]}
        onKeyUp={[Function]}
        onMouseDown={[Function]}
        onMouseLeave={[Function]}
        onMouseUp={[Function]}
        onTouchEnd={[Function]}
        onTouchMove={[Function]}
        onTouchStart={[Function]}
        style={
          Object {
            "padding": "4px 12px",
          }
        }
        tabIndex={null}
      >
        <span
          className="MuiIconButton-label-117"
        >
          <svg
            aria-hidden="true"
            className="MuiSvgIcon-root-118"
            focusable="false"
            role="presentation"
            viewBox="0 0 24 24"
          >
            <path
              d="M19 3H5c-1.11 0-2 .9-2 2v14c0 1.1.89 2 2 2h14c1.11 0 2-.9 2-2V5c0-1.1-.89-2-2-2zm-9 14l-5-5 1.41-1.41L10 14.17l7.59-7.59L19 8l-9 9z"
            />
          </svg>
          <input
            checked={true}
            className="MuiPrivateSwitchBase-input-111"
            data-indeterminate={false}
            onChange={[Function]}
            tabIndex={-1}
            type="checkbox"
          />
        </span>
      </span>
      <div
        className="MuiListItemText-root-127 MuiListItemText-dense-129"
      >
        <span
          className="MuiTypography-root-41 MuiTypography-subheading-48 MuiListItemText-primary-130 MuiListItemText-textDense-132"
        >
          タイムラインにボタンを表示
        </span>
      </div>
      <span
        className="MuiTouchRipple-root-159"
      />
    </div>
    <div
      className="MuiButtonBase-root-99 MuiListItem-root-87 MuiListItem-default-90 MuiListItem-dense-91 MuiListItem-gutters-95 MuiListItem-button-96 checkboxListItem SHOW_ON_TWEETDECK_TWEET_DETAIL"
      onBlur={[Function]}
      onClick={[Function]}
      onContextMenu={[Function]}
      onFocus={[Function]}
      onKeyDown={[Function]}
      onKeyUp={[Function]}
      onMouseDown={[Function]}
      onMouseLeave={[Function]}
      onMouseUp={[Function]}
      onTouchEnd={[Function]}
      onTouchMove={[Function]}
      onTouchStart={[Function]}
      role="button"
      tabIndex="0"
    >
      <span
        className="MuiButtonBase-root-99 MuiIconButton-root-112 MuiPrivateSwitchBase-root-108 MuiCheckbox-root-102 MuiCheckbox-colorSecondary-107 MuiPrivateSwitchBase-checked-109 MuiCheckbox-checked-103"
        onBlur={[Function]}
        onContextMenu={[Function]}
        onFocus={[Function]}
        onKeyDown={[Function]}
        onKeyUp={[Function]}
        onMouseDown={[Function]}
        onMouseLeave={[Function]}
        onMouseUp={[Function]}
        onTouchEnd={[Function]}
        onTouchMove={[Function]}
        onTouchStart={[Function]}
        style={
          Object {
            "padding": "4px 12px",
          }
        }
        tabIndex={null}
      >
        <span
          className="MuiIconButton-label-117"
        >
          <svg
            aria-hidden="true"
            className="MuiSvgIcon-root-118"
            focusable="false"
            role="presentation"
            viewBox="0 0 24 24"
          >
            <path
              d="M19 3H5c-1.11 0-2 .9-2 2v14c0 1.1.89 2 2 2h14c1.11 0 2-.9 2-2V5c0-1.1-.89-2-2-2zm-9 14l-5-5 1.41-1.41L10 14.17l7.59-7.59L19 8l-9 9z"
            />
          </svg>
          <input
            checked={true}
            className="MuiPrivateSwitchBase-input-111"
            data-indeterminate={false}
            onChange={[Function]}
            tabIndex={-1}
            type="checkbox"
          />
        </span>
      </span>
      <div
        className="MuiListItemText-root-127 MuiListItemText-dense-129"
      >
        <span
          className="MuiTypography-root-41 MuiTypography-subheading-48 MuiListItemText-primary-130 MuiListItemText-textDense-132"
        >
          ツイート詳細にボタンを表示
        </span>
      </div>
      <span
        className="MuiTouchRipple-root-159"
      />
    </div>
  </ul>
  <ul
    className="MuiList-root-77 MuiList-padding-78 MuiList-subheader-80"
  >
    <div
      className="MuiListSubheader-root-81 MuiListSubheader-sticky-86 MuiListSubheader-gutters-84"
    >
      画像ページ
    </div>
    <div
      className="MuiButtonBase-root-99 MuiListItem-root-87 MuiListItem-default-90 MuiListItem-dense-91 MuiListItem-gutters-95 MuiListItem-button-96 checkboxListItem STRIP_IMAGE_SUFFIX"
      onBlur={[Function]}
      onClick={[Function]}
      onContextMenu={[Function]}
      onFocus={[Function]}
      onKeyDown={[Function]}
      onKeyUp={[Function]}
      onMouseDown={[Function]}
      onMouseLeave={[Function]}
      onMouseUp={[Function]}
      onTouchEnd={[Function]}
      onTouchMove={[Function]}
      onTouchStart={[Function]}
      role="button"
      tabIndex="0"
    >
      <span
        className="MuiButtonBase-root-99 MuiIconButton-root-112 MuiPrivateSwitchBase-root-108 MuiCheckbox-root-102 MuiCheckbox-colorSecondary-107 MuiPrivateSwitchBase-checked-109 MuiCheckbox-checked-103"
        onBlur={[Function]}
        onContextMenu={[Function]}
        onFocus={[Function]}
        onKeyDown={[Function]}
        onKeyUp={[Function]}
        onMouseDown={[Function]}
        onMouseLeave={[Function]}
        onMouseUp={[Function]}
        onTouchEnd={[Function]}
        onTouchMove={[Function]}
        onTouchStart={[Function]}
        style={
          Object {
            "padding": "4px 12px",
          }
        }
        tabIndex={null}
      >
        <span
          className="MuiIconButton-label-117"
        >
          <svg
            aria-hidden="true"
            className="MuiSvgIcon-root-118"
            focusable="false"
            role="presentation"
            viewBox="0 0 24 24"
          >
            <path
              d="M19 3H5c-1.11 0-2 .9-2 2v14c0 1.1.89 2 2 2h14c1.11 0 2-.9 2-2V5c0-1.1-.89-2-2-2zm-9 14l-5-5 1.41-1.41L10 14.17l7.59-7.59L19 8l-9 9z"
            />
          </svg>
          <input
            checked={true}
            className="MuiPrivateSwitchBase-input-111"
            data-indeterminate={false}
            onChange={[Function]}
            tabIndex={-1}
            type="checkbox"
          />
        </span>
      </span>
      <div
        className="MuiListItemText-root-127 MuiListItemText-dense-129"
      >
        <span
          className="MuiTypography-root-41 MuiTypography-subheading-48 MuiListItemText-primary-130 MuiListItemText-textDense-132"
        >
          [Ctrl]+[s]で拡張子を校正
        </span>
      </div>
      <span
        className="MuiTouchRipple-root-159"
      />
    </div>
  </ul>
  <button
    className="MuiButtonBase-root-99 MuiButton-root-133 MuiButton-contained-144 MuiButton-containedPrimary-145 MuiButton-raised-147 MuiButton-raisedPrimary-148 saveSettingButton"
    disabled={false}
    onBlur={[Function]}
    onClick={[Function]}
    onContextMenu={[Function]}
    onFocus={[Function]}
    onKeyDown={[Function]}
    onKeyUp={[Function]}
    onMouseDown={[Function]}
    onMouseLeave={[Function]}
    onMouseUp={[Function]}
    onTouchEnd={[Function]}
    onTouchMove={[Function]}
    onTouchStart={[Function]}
    style={
      Object {
        "flex": "0 1 auto",
      }
    }
    tabIndex="0"
    type="button"
  >
    <span
      className="MuiButton-label-134"
    >
      設定を保存
    </span>
    <span
      className="MuiTouchRipple-root-159"
    />
  </button>
  <footer
    style={
      Object {
        "marginTop": "3px",
        "textAlign": "center",
      }
    }
  >
    twitter画像原寸ボタン - hogashi
  </footer>
</div>
`;
